// Jest Snapshot v1, https://goo.gl/fbAQLP

exports[`BaseText snapshot 1`] = `<View />`;
