// Jest Snapshot v1, https://goo.gl/fbAQLP

exports[`BaseView snapshot 1`] = `
<RCTSafeAreaView
  emulateUnlessSupported={true}
  style={
    Object {
      "flex": 1,
    }
  }
>
  <View />
  <View
    style={
      Array [
        Object {
          "backgroundColor": "#000000",
          "flex": 1,
          "padding": 40,
        },
        undefined,
      ]
    }
  >
    <RCTScrollView>
      <View>
        <View />
      </View>
    </RCTScrollView>
  </View>
</RCTSafeAreaView>
`;
